// Jest Snapshot v1, https://goo.gl/fbAQLP

exports[`OrderConfirmationPage renders OrderConfirmationPage component 1`] = `
<div>
  <div>
    <h2>
      Thank you for your order!
    </h2>
    <div>
      Order Number: 123
    </div>
    <div>
      Shipping Information
    </div>
    <div>
      <span>
        badvirus@covid.com
      </span>
      <span>
        Stuck Indoors
      </span>
      <span>
        123 Stir Crazy Dr.
      </span>
      <span>
        Austin, TX 91111 US
      </span>
    </div>
    <div>
      Shipping Method
    </div>
    <div>
      Flat Rate - Fixed
    </div>
    <div>
      <ItemsReview
        data={Object {}}
      />
    </div>
    <div>
      You will also receive an email with the details and we will let you know when your order has shipped.
    </div>
  </div>
</div>
`;
